// Jest Snapshot v1, https://goo.gl/fbAQLP

exports[`Home should render correctly 1`] = `
<Fragment>
  <WithStyles(withRouter(Form)) />
  <WithStyles(Divider) />
  <withRouter(ResultsProvider)>
    <Results />
  </withRouter(ResultsProvider)>
</Fragment>
`;
