// Jest Snapshot v1, https://goo.gl/fbAQLP

exports[`ResultsProvider should render correctly 1`] = `
<ContextProvider
  value={
    Object {
      "isFetching": true,
      "results": Object {
        "items": Array [],
      },
    }
  }
/>
`;
