// Jest Snapshot v1, https://goo.gl/fbAQLP

exports[`Header should render correctly 1`] = `
<WithStyles(AppBar)
  elevation={0}
  position="relative"
>
  <WithStyles(Toolbar)>
    <WithStyles(Grid)
      container={true}
    >
      <WithStyles(Grid)
        item={true}
        xs={12}
      >
        <WithStyles(Typography)
          className=""
          color="inherit"
          variant="h6"
        >
          GHub Explorer
        </WithStyles(Typography)>
      </WithStyles(Grid)>
    </WithStyles(Grid)>
  </WithStyles(Toolbar)>
</WithStyles(AppBar)>
`;
