// Jest Snapshot v1, https://goo.gl/fbAQLP

exports[`ResultItem should render correctly 1`] = `
<ResultItem
  classes={
    Object {
      "forked": "ResultItem-forked-3",
      "item": "ResultItem-item-2",
      "root": "ResultItem-root-1",
    }
  }
  item={Object {}}
/>
`;
