// Jest Snapshot v1, https://goo.gl/fbAQLP

exports[`App should render correctly 1`] = `
<App
  classes={
    Object {
      "body": "App-body-2",
      "jumbo": "App-jumbo-3",
      "root": "App-root-1",
    }
  }
/>
`;
